<!doctype html><html><head><title>Post 2</title></head><body><h1>Post 2</h1><p>Post</p></body></html>