<!doctype html><html><head><title></title></head><body><h1>About</h1><p>About</p></body></html>