<!doctype html><html><head><title>Archive For 2015</title></head><body><ul></ul></body></html>