<!doctype html>
<html>
	<head>
		<title></title>
	</head>
	<body>
		<ul>
			
				<li><a href="2015/02/13/post-3/index.html">Post 3</a></li>
			
		</ul>
	</body>
</html>