<!doctype html>
<html>
	<head>
		<title></title>
	</head>
	<body>
		<h1>Contact</h1>
<p>Contact</p>

	</body>
</html>