<!doctype html>
<html>
	<head>
		<title>Post 1</title>
	</head>
	<body>
		<h1>Post 1</h1>
<p>Post 1</p>

	</body>
</html>