<!doctype html><html><head><title>Post 3</title></head><body><h1>Post 3</h1><p>Post 3</p></body></html>